// Vitest Snapshot v1, https://vitest.dev/guide/snapshot.html

exports[`rolldown > init-sync.js 1`] = `
"// init-sync.js
import { loadWasmModule } from "\\0wasm-helpers.js";
//#region tests/fixtures/example.wasm?init&sync
function __wasm_init(imports) {
	return loadWasmModule(true, null, "AGFzbQEAAAABBwFgAn9/AX8DAgEABAUBcAEBAQUDAQAQBhkDfwFBgIDAAAt/AEGAgMAAC38AQYCAwAALBysEBm1lbW9yeQIAA2FkZAAACl9fZGF0YV9lbmQDAQtfX2hlYXBfYmFzZQMCCgkBBwAgASAAagsANQRuYW1lABIRd2FzbV9leGFtcGxlLndhc20BBgEAA2FkZAcSAQAPX19zdGFja19wb2ludGVyAE0JcHJvZHVjZXJzAghsYW5ndWFnZQEEUnVzdAAMcHJvY2Vzc2VkLWJ5AQVydXN0Yx0xLjkxLjEgKGVkNjFlN2Q3ZSAyMDI1LTExLTA3KQCUAQ90YXJnZXRfZmVhdHVyZXMIKwtidWxrLW1lbW9yeSsPYnVsay1tZW1vcnktb3B0KxZjYWxsLWluZGlyZWN0LW92ZXJsb25nKwptdWx0aXZhbHVlKw9tdXRhYmxlLWdsb2JhbHMrE25vbnRyYXBwaW5nLWZwdG9pbnQrD3JlZmVyZW5jZS10eXBlcysIc2lnbi1leHQ=", imports);
}
//#endregion
//#region tests/fixtures/init-sync.js
var init_sync_default = __wasm_init;
//#endregion
export { init_sync_default as default };
"
`;

exports[`rolldown > url.js 1`] = `
"// fb9c6725fb43d247.wasm
[BINARY]
// url.js
//#endregion
//#region tests/fixtures/url.js
var url_default = new URL("$ROLLDOWN_WASM_SkhF$JLwk8CofIkZCFlROw_PLACEHOLDER$", import.meta.url);
//#endregion
export { url_default as default };
"
`;

exports[`rolldown > wasm-module.js 1`] = `
"// fb9c6725fb43d247.wasm
[BINARY]
// wasm-module.js
import { loadWasmModule } from "\\0wasm-helpers.js";
//#region \\0rolldown/runtime.js
var __defProp = Object.defineProperty;
var __exportAll = (all, no_symbols) => {
	let target = {};
	for (var name in all) __defProp(target, name, {
		get: all[name],
		enumerable: true
	});
	if (!no_symbols) __defProp(target, Symbol.toStringTag, { value: "Module" });
	return target;
};
//#endregion
//#region tests/fixtures/example.wasm
var example_exports = /* @__PURE__ */ __exportAll({
	__data_end: () => __data_end,
	__heap_base: () => __heap_base,
	add: () => add,
	memory: () => memory
});
function __wasm_init(imports) {
	return loadWasmModule(false, new URL("$ROLLDOWN_WASM_SkhF$JLwk8CofIkZCFlROw_PLACEHOLDER$", import.meta.url), null, imports);
}
const instance = await __wasm_init({});
const memory = instance.exports.memory;
const add = instance.exports.add;
const __data_end = instance.exports.__data_end;
const __heap_base = instance.exports.__heap_base;
//#endregion
//#region tests/fixtures/wasm-module.js
var wasm_module_default = example_exports;
//#endregion
export { wasm_module_default as default };
"
`;
