// assets/f83941f663df478a.wasm
[BINARY]
// init.js
//#region \0wasm-helpers.js
function instantiate(source, imports, stream) {
	const instantiate = WebAssembly[stream ? "instantiateStreaming" : "instantiate"];
	return instantiate(source, imports).then(({ instance }) => instance);
}
function loadWasmModule(sync, fileUrl, src, imports) {
	let buf = null;
	const isNode = typeof process !== "undefined" && process.versions != null && process.versions.node != null;
	if (fileUrl && isNode) {
		const { readFile } = process.getBuiltinModule("fs/promises");
		return readFile(fileUrl).then((buffer) => instantiate(buffer, imports));
	} else if (fileUrl) return instantiate(fetch(fileUrl), imports, true);
	if (isNode) buf = Buffer.from(src, "base64");
	else {
		const raw = globalThis.atob(src);
		const len = raw.length;
		buf = new Uint8Array(new ArrayBuffer(len));
		for (let i = 0; i < len; i++) buf[i] = raw.charCodeAt(i);
	}
	if (sync) {
		const mod = new WebAssembly.Module(buf);
		return new WebAssembly.Instance(mod, imports);
	} else return instantiate(buf, imports);
}
//#endregion
//#region tests/fixtures/example.wasm?init
function __wasm_init(imports) {
	return loadWasmModule(false, new URL("assets/f83941f663df478a.wasm", import.meta.url), null, imports);
}
//#endregion
//#region tests/fixtures/init.js
var init_default = __wasm_init;
//#endregion
export { init_default as default };
