// assets/b62665e669ab1545.wasm
[BINARY]
// init.js
import "node:module";
import.meta.url;
//#endregion
//#region \0wasm-helpers.js
function loadWasmModule(sync, fileUrl, src, imports) {
	function instantiate(source, imports, stream) {
		return (stream ? WebAssembly.instantiateStreaming : WebAssembly.instantiate)(source, imports).then(({ instance }) => instance);
	}
	let buf = null;
	if (fileUrl) {
		const { readFile } = process.getBuiltinModule("fs/promises");
		return readFile(fileUrl).then((buffer) => instantiate(buffer, imports));
	}
	const { Buffer } = process.getBuiltinModule("buffer");
	buf = Buffer.from(src, "base64");
	if (sync) {
		const mod = new WebAssembly.Module(buf);
		return new WebAssembly.Instance(mod, imports);
	} else return instantiate(buf, imports);
}
//#endregion
//#region tests/fixtures/add.wasm?init
function __wasm_init(imports) {
	return loadWasmModule(false, new URL("assets/b62665e669ab1545.wasm", import.meta.url), null, imports);
}
//#endregion
//#region tests/fixtures/init.js
var init_default = __wasm_init;
//#endregion
export { init_default as default };
